Configuration file: /home/runner/work/hichat-fog.github.io/hichat-fog.github.io/_config.yml
[33m     al_folio_core: jekyll-jupyter-notebook is enabled but `jupyter-nbconvert` is not on PATH.[0m
[33m     al_folio_core: Notebook rendering will be skipped for Jupyter posts until Python deps are installed.[0m
[33m     al_folio_core: Install with `python3 -m pip install --user jupyter nbconvert`[0m
[33m     al_folio_core: or run starter helper `./bin/setup-python-deps` if available.[0m
            Source: /home/runner/work/hichat-fog.github.io/hichat-fog.github.io
       Destination: /home/runner/work/hichat-fog.github.io/hichat-fog.github.io/_site
 Incremental build: disabled. Enable with --incremental
      Generating... 
Terser: Minifying /home/runner/work/hichat-fog.github.io/hichat-fog.github.io/test/style_contract.js
Terser: Minifying /home/runner/work/hichat-fog.github.io/hichat-fog.github.io/test/visual/distill.spec.js
Terser: Minifying /home/runner/work/hichat-fog.github.io/hichat-fog.github.io/test/visual/helpers.js
Terser: Minifying /home/runner/work/hichat-fog.github.io/hichat-fog.github.io/test/visual/interactions.spec.js
Terser: Minifying /home/runner/work/hichat-fog.github.io/hichat-fog.github.io/test/visual/parity.spec.js
Terser: Minifying /home/runner/work/hichat-fog.github.io/hichat-fog.github.io/test/visual/playwright.config.js
       Jekyll Feed: Generating feed for posts
       Imagemagick: Searching files in /home/runner/work/hichat-fog.github.io/hichat-fog.github.io/assets/img/
       Imagemagick: Generating image "/home/runner/work/hichat-fog.github.io/hichat-fog.github.io/_site/assets/img/1-480.webp"
       Imagemagick: Adding static file /home/runner/work/hichat-fog.github.io/hichat-fog.github.io/_site/assets/img/1-480.webp
       Imagemagick: Generating image "/home/runner/work/hichat-fog.github.io/hichat-fog.github.io/_site/assets/img/1-800.webp"
       Imagemagick: Adding static file /home/runner/work/hichat-fog.github.io/hichat-fog.github.io/_site/assets/img/1-800.webp
       Imagemagick: Generating image "/home/runner/work/hichat-fog.github.io/hichat-fog.github.io/_site/assets/img/1-1400.webp"
       Imagemagick: Adding static file /home/runner/work/hichat-fog.github.io/hichat-fog.github.io/_site/assets/img/1-1400.webp
       Imagemagick: Generating image "/home/runner/work/hichat-fog.github.io/hichat-fog.github.io/_site/assets/img/10-480.webp"
       Imagemagick: Adding static file /home/runner/work/hichat-fog.github.io/hichat-fog.github.io/_site/assets/img/10-480.webp
       Imagemagick: Generating image "/home/runner/work/hichat-fog.github.io/hichat-fog.github.io/_site/assets/img/10-800.webp"
       Imagemagick: Adding static file /home/runner/work/hichat-fog.github.io/hichat-fog.github.io/_site/assets/img/10-800.webp
       Imagemagick: Generating image "/home/runner/work/hichat-fog.github.io/hichat-fog.github.io/_site/assets/img/10-1400.webp"
       Imagemagick: Adding static file /home/runner/work/hichat-fog.github.io/hichat-fog.github.io/_site/assets/img/10-1400.webp
       Imagemagick: Generating image "/home/runner/work/hichat-fog.github.io/hichat-fog.github.io/_site/assets/img/11-480.webp"
       Imagemagick: Adding static file /home/runner/work/hichat-fog.github.io/hichat-fog.github.io/_site/assets/img/11-480.webp
       Imagemagick: Generating image "/home/runner/work/hichat-fog.github.io/hichat-fog.github.io/_site/assets/img/11-800.webp"
       Imagemagick: Adding static file /home/runner/work/hichat-fog.github.io/hichat-fog.github.io/_site/assets/img/11-800.webp
       Imagemagick: Generating image "/home/runner/work/hichat-fog.github.io/hichat-fog.github.io/_site/assets/img/11-1400.webp"
       Imagemagick: Adding static file /home/runner/work/hichat-fog.github.io/hichat-fog.github.io/_site/assets/img/11-1400.webp
       Imagemagick: Generating image "/home/runner/work/hichat-fog.github.io/hichat-fog.github.io/_site/assets/img/12-480.webp"
       Imagemagick: Adding static file /home/runner/work/hichat-fog.github.io/hichat-fog.github.io/_site/assets/img/12-480.webp
       Imagemagick: Generating image "/home/runner/work/hichat-fog.github.io/hichat-fog.github.io/_site/assets/img/12-800.webp"
       Imagemagick: Adding static file /home/runner/work/hichat-fog.github.io/hichat-fog.github.io/_site/assets/img/12-800.webp
       Imagemagick: Generating image "/home/runner/work/hichat-fog.github.io/hichat-fog.github.io/_site/assets/img/12-1400.webp"
       Imagemagick: Adding static file /home/runner/work/hichat-fog.github.io/hichat-fog.github.io/_site/assets/img/12-1400.webp
       Imagemagick: Generating image "/home/runner/work/hichat-fog.github.io/hichat-fog.github.io/_site/assets/img/2-480.webp"
       Imagemagick: Adding static file /home/runner/work/hichat-fog.github.io/hichat-fog.github.io/_site/assets/img/2-480.webp
       Imagemagick: Generating image "/home/runner/work/hichat-fog.github.io/hichat-fog.github.io/_site/assets/img/2-800.webp"
       Imagemagick: Adding static file /home/runner/work/hichat-fog.github.io/hichat-fog.github.io/_site/assets/img/2-800.webp
       Imagemagick: Generating image "/home/runner/work/hichat-fog.github.io/hichat-fog.github.io/_site/assets/img/2-1400.webp"
       Imagemagick: Adding static file /home/runner/work/hichat-fog.github.io/hichat-fog.github.io/_site/assets/img/2-1400.webp
       Imagemagick: Generating image "/home/runner/work/hichat-fog.github.io/hichat-fog.github.io/_site/assets/img/3-480.webp"
       Imagemagick: Adding static file /home/runner/work/hichat-fog.github.io/hichat-fog.github.io/_site/assets/img/3-480.webp
       Imagemagick: Generating image "/home/runner/work/hichat-fog.github.io/hichat-fog.github.io/_site/assets/img/3-800.webp"
       Imagemagick: Adding static file /home/runner/work/hichat-fog.github.io/hichat-fog.github.io/_site/assets/img/3-800.webp
       Imagemagick: Generating image "/home/runner/work/hichat-fog.github.io/hichat-fog.github.io/_site/assets/img/3-1400.webp"
       Imagemagick: Adding static file /home/runner/work/hichat-fog.github.io/hichat-fog.github.io/_site/assets/img/3-1400.webp
       Imagemagick: Generating image "/home/runner/work/hichat-fog.github.io/hichat-fog.github.io/_site/assets/img/4-480.webp"
       Imagemagick: Adding static file /home/runner/work/hichat-fog.github.io/hichat-fog.github.io/_site/assets/img/4-480.webp
       Imagemagick: Generating image "/home/runner/work/hichat-fog.github.io/hichat-fog.github.io/_site/assets/img/4-800.webp"
       Imagemagick: Adding static file /home/runner/work/hichat-fog.github.io/hichat-fog.github.io/_site/assets/img/4-800.webp
       Imagemagick: Generating image "/home/runner/work/hichat-fog.github.io/hichat-fog.github.io/_site/assets/img/4-1400.webp"
       Imagemagick: Adding static file /home/runner/work/hichat-fog.github.io/hichat-fog.github.io/_site/assets/img/4-1400.webp
       Imagemagick: Generating image "/home/runner/work/hichat-fog.github.io/hichat-fog.github.io/_site/assets/img/5-480.webp"
       Imagemagick: Adding static file /home/runner/work/hichat-fog.github.io/hichat-fog.github.io/_site/assets/img/5-480.webp
       Imagemagick: Generating image "/home/runner/work/hichat-fog.github.io/hichat-fog.github.io/_site/assets/img/5-800.webp"
       Imagemagick: Adding static file /home/runner/work/hichat-fog.github.io/hichat-fog.github.io/_site/assets/img/5-800.webp
       Imagemagick: Generating image "/home/runner/work/hichat-fog.github.io/hichat-fog.github.io/_site/assets/img/5-1400.webp"
       Imagemagick: Adding static file /home/runner/work/hichat-fog.github.io/hichat-fog.github.io/_site/assets/img/5-1400.webp
       Imagemagick: Generating image "/home/runner/work/hichat-fog.github.io/hichat-fog.github.io/_site/assets/img/6-480.webp"
       Imagemagick: Adding static file /home/runner/work/hichat-fog.github.io/hichat-fog.github.io/_site/assets/img/6-480.webp
       Imagemagick: Generating image "/home/runner/work/hichat-fog.github.io/hichat-fog.github.io/_site/assets/img/6-800.webp"
       Imagemagick: Adding static file /home/runner/work/hichat-fog.github.io/hichat-fog.github.io/_site/assets/img/6-800.webp
       Imagemagick: Generating image "/home/runner/work/hichat-fog.github.io/hichat-fog.github.io/_site/assets/img/6-1400.webp"
       Imagemagick: Adding static file /home/runner/work/hichat-fog.github.io/hichat-fog.github.io/_site/assets/img/6-1400.webp
       Imagemagick: Generating image "/home/runner/work/hichat-fog.github.io/hichat-fog.github.io/_site/assets/img/7-480.webp"
       Imagemagick: Adding static file /home/runner/work/hichat-fog.github.io/hichat-fog.github.io/_site/assets/img/7-480.webp
       Imagemagick: Generating image "/home/runner/work/hichat-fog.github.io/hichat-fog.github.io/_site/assets/img/7-800.webp"
       Imagemagick: Adding static file /home/runner/work/hichat-fog.github.io/hichat-fog.github.io/_site/assets/img/7-800.webp
       Imagemagick: Generating image "/home/runner/work/hichat-fog.github.io/hichat-fog.github.io/_site/assets/img/7-1400.webp"
       Imagemagick: Adding static file /home/runner/work/hichat-fog.github.io/hichat-fog.github.io/_site/assets/img/7-1400.webp
       Imagemagick: Generating image "/home/runner/work/hichat-fog.github.io/hichat-fog.github.io/_site/assets/img/8-480.webp"
       Imagemagick: Adding static file /home/runner/work/hichat-fog.github.io/hichat-fog.github.io/_site/assets/img/8-480.webp
       Imagemagick: Generating image "/home/runner/work/hichat-fog.github.io/hichat-fog.github.io/_site/assets/img/8-800.webp"
       Imagemagick: Adding static file /home/runner/work/hichat-fog.github.io/hichat-fog.github.io/_site/assets/img/8-800.webp
       Imagemagick: Generating image "/home/runner/work/hichat-fog.github.io/hichat-fog.github.io/_site/assets/img/8-1400.webp"
       Imagemagick: Adding static file /home/runner/work/hichat-fog.github.io/hichat-fog.github.io/_site/assets/img/8-1400.webp
       Imagemagick: Generating image "/home/runner/work/hichat-fog.github.io/hichat-fog.github.io/_site/assets/img/9-480.webp"
       Imagemagick: Adding static file /home/runner/work/hichat-fog.github.io/hichat-fog.github.io/_site/assets/img/9-480.webp
       Imagemagick: Generating image "/home/runner/work/hichat-fog.github.io/hichat-fog.github.io/_site/assets/img/9-800.webp"
       Imagemagick: Adding static file /home/runner/work/hichat-fog.github.io/hichat-fog.github.io/_site/assets/img/9-800.webp
       Imagemagick: Generating image "/home/runner/work/hichat-fog.github.io/hichat-fog.github.io/_site/assets/img/9-1400.webp"
       Imagemagick: Adding static file /home/runner/work/hichat-fog.github.io/hichat-fog.github.io/_site/assets/img/9-1400.webp
       Imagemagick: Generating image "/home/runner/work/hichat-fog.github.io/hichat-fog.github.io/_site/assets/img/avatar-480.webp"
       Imagemagick: Adding static file /home/runner/work/hichat-fog.github.io/hichat-fog.github.io/_site/assets/img/avatar-480.webp
       Imagemagick: Generating image "/home/runner/work/hichat-fog.github.io/hichat-fog.github.io/_site/assets/img/avatar-800.webp"
       Imagemagick: Adding static file /home/runner/work/hichat-fog.github.io/hichat-fog.github.io/_site/assets/img/avatar-800.webp
       Imagemagick: Generating image "/home/runner/work/hichat-fog.github.io/hichat-fog.github.io/_site/assets/img/avatar-1400.webp"
       Imagemagick: Adding static file /home/runner/work/hichat-fog.github.io/hichat-fog.github.io/_site/assets/img/avatar-1400.webp
       Imagemagick: Generating image "/home/runner/work/hichat-fog.github.io/hichat-fog.github.io/_site/assets/img/book_covers/the_godfather-480.webp"
       Imagemagick: Adding static file /home/runner/work/hichat-fog.github.io/hichat-fog.github.io/_site/assets/img/book_covers/the_godfather-480.webp
       Imagemagick: Generating image "/home/runner/work/hichat-fog.github.io/hichat-fog.github.io/_site/assets/img/book_covers/the_godfather-800.webp"
       Imagemagick: Adding static file /home/runner/work/hichat-fog.github.io/hichat-fog.github.io/_site/assets/img/book_covers/the_godfather-800.webp
       Imagemagick: Generating image "/home/runner/work/hichat-fog.github.io/hichat-fog.github.io/_site/assets/img/book_covers/the_godfather-1400.webp"
       Imagemagick: Adding static file /home/runner/work/hichat-fog.github.io/hichat-fog.github.io/_site/assets/img/book_covers/the_godfather-1400.webp
       Imagemagick: Generating image "/home/runner/work/hichat-fog.github.io/hichat-fog.github.io/_site/assets/img/prof_pic-480.webp"
       Imagemagick: Adding static file /home/runner/work/hichat-fog.github.io/hichat-fog.github.io/_site/assets/img/prof_pic-480.webp
       Imagemagick: Generating image "/home/runner/work/hichat-fog.github.io/hichat-fog.github.io/_site/assets/img/prof_pic-800.webp"
       Imagemagick: Adding static file /home/runner/work/hichat-fog.github.io/hichat-fog.github.io/_site/assets/img/prof_pic-800.webp
       Imagemagick: Generating image "/home/runner/work/hichat-fog.github.io/hichat-fog.github.io/_site/assets/img/prof_pic-1400.webp"
       Imagemagick: Adding static file /home/runner/work/hichat-fog.github.io/hichat-fog.github.io/_site/assets/img/prof_pic-1400.webp
       Imagemagick: Generating image "/home/runner/work/hichat-fog.github.io/hichat-fog.github.io/_site/assets/img/prof_pic_color-480.webp"
       Imagemagick: Adding static file /home/runner/work/hichat-fog.github.io/hichat-fog.github.io/_site/assets/img/prof_pic_color-480.webp
       Imagemagick: Generating image "/home/runner/work/hichat-fog.github.io/hichat-fog.github.io/_site/assets/img/prof_pic_color-800.webp"
       Imagemagick: Adding static file /home/runner/work/hichat-fog.github.io/hichat-fog.github.io/_site/assets/img/prof_pic_color-800.webp
       Imagemagick: Generating image "/home/runner/work/hichat-fog.github.io/hichat-fog.github.io/_site/assets/img/prof_pic_color-1400.webp"
       Imagemagick: Adding static file /home/runner/work/hichat-fog.github.io/hichat-fog.github.io/_site/assets/img/prof_pic_color-1400.webp
       Imagemagick: Generating image "/home/runner/work/hichat-fog.github.io/hichat-fog.github.io/_site/assets/img/publication_preview/brownian-motion-480.webp"
       Imagemagick: Adding static file /home/runner/work/hichat-fog.github.io/hichat-fog.github.io/_site/assets/img/publication_preview/brownian-motion-480.webp
       Imagemagick: Generating image "/home/runner/work/hichat-fog.github.io/hichat-fog.github.io/_site/assets/img/publication_preview/brownian-motion-800.webp"
       Imagemagick: Adding static file /home/runner/work/hichat-fog.github.io/hichat-fog.github.io/_site/assets/img/publication_preview/brownian-motion-800.webp
       Imagemagick: Generating image "/home/runner/work/hichat-fog.github.io/hichat-fog.github.io/_site/assets/img/publication_preview/brownian-motion-1400.webp"
       Imagemagick: Adding static file /home/runner/work/hichat-fog.github.io/hichat-fog.github.io/_site/assets/img/publication_preview/brownian-motion-1400.webp
       Imagemagick: Generating image "/home/runner/work/hichat-fog.github.io/hichat-fog.github.io/_site/assets/img/publication_preview/wave-mechanics-480.webp"
       Imagemagick: Adding static file /home/runner/work/hichat-fog.github.io/hichat-fog.github.io/_site/assets/img/publication_preview/wave-mechanics-480.webp
       Imagemagick: Generating image "/home/runner/work/hichat-fog.github.io/hichat-fog.github.io/_site/assets/img/publication_preview/wave-mechanics-800.webp"
       Imagemagick: Adding static file /home/runner/work/hichat-fog.github.io/hichat-fog.github.io/_site/assets/img/publication_preview/wave-mechanics-800.webp
       Imagemagick: Generating image "/home/runner/work/hichat-fog.github.io/hichat-fog.github.io/_site/assets/img/publication_preview/wave-mechanics-1400.webp"
       Imagemagick: Adding static file /home/runner/work/hichat-fog.github.io/hichat-fog.github.io/_site/assets/img/publication_preview/wave-mechanics-1400.webp
       Imagemagick: Generating image "/home/runner/work/hichat-fog.github.io/hichat-fog.github.io/_site/assets/img/rhino-480.webp"
       Imagemagick: Adding static file /home/runner/work/hichat-fog.github.io/hichat-fog.github.io/_site/assets/img/rhino-480.webp
       Imagemagick: Generating image "/home/runner/work/hichat-fog.github.io/hichat-fog.github.io/_site/assets/img/rhino-800.webp"
       Imagemagick: Adding static file /home/runner/work/hichat-fog.github.io/hichat-fog.github.io/_site/assets/img/rhino-800.webp
       Imagemagick: Generating image "/home/runner/work/hichat-fog.github.io/hichat-fog.github.io/_site/assets/img/rhino-1400.webp"
       Imagemagick: Adding static file /home/runner/work/hichat-fog.github.io/hichat-fog.github.io/_site/assets/img/rhino-1400.webp
       Imagemagick: Generating image "/home/runner/work/hichat-fog.github.io/hichat-fog.github.io/_site/assets/img/template_error-480.webp"
       Imagemagick: Adding static file /home/runner/work/hichat-fog.github.io/hichat-fog.github.io/_site/assets/img/template_error-480.webp
       Imagemagick: Generating image "/home/runner/work/hichat-fog.github.io/hichat-fog.github.io/_site/assets/img/template_error-800.webp"
       Imagemagick: Adding static file /home/runner/work/hichat-fog.github.io/hichat-fog.github.io/_site/assets/img/template_error-800.webp
       Imagemagick: Generating image "/home/runner/work/hichat-fog.github.io/hichat-fog.github.io/_site/assets/img/template_error-1400.webp"
       Imagemagick: Adding static file /home/runner/work/hichat-fog.github.io/hichat-fog.github.io/_site/assets/img/template_error-1400.webp
       Imagemagick: Generated 60 file(s)
         AutoPages: Disabled/Not configured in site.config.
[33m        Pagination: Is enabled, but I couldn't find any pagination page. Skipping pagination. Pages must have 'pagination: enabled: true' in their front-matter for pagination to work.[0m
        Pagination: Complete, processed pagination page(s)
